
> fieldcost@1.0.0 build
> next build

Γû▓ Next.js 16.1.6 (Turbopack)
- Environments: .env.local

  Creating an optimized production build ...
Γ£ô Compiled successfully in 35.9s
  Running TypeScript ...
node.exe : Failed to compile.
At line:1 char:1
+ & "C:\Program Files\nodejs/node.exe" "C:\Program Files\nodejs/node_mo ...
+ ~~~~~~~~~~~~~~~~~~~~~~~~~~~~~~~~~~~~~~~~~~~~~~~~~~~~~~~~~~~~~~~~~~~~~
    + CategoryInfo          : NotSpecified: (Failed to compile.:String) [], Re 
   moteException
    + FullyQualifiedErrorId : NativeCommandError
 

Type error: Could not write file 
'C:\Users\HOME\Downloads\fieldcost\.next\cache\.tsbuildinfo': UNKNOWN: unknown 
error, open 'C:\Users\HOME\Downloads\fieldcost\.next\cache\.tsbuildinfo'.

Next.js build worker exited with code: 1 and signal: null
