
> fieldcost@1.0.0 build
> next build

Γû▓ Next.js 16.1.6 (Turbopack)
- Environments: .env.local

  Creating an optimized production build ...
node.exe : 
At line:1 char:1
+ & "C:\Program Files\nodejs/node.exe" "C:\Program Files\nodejs/node_mo ...
+ ~~~~~~~~~~~~~~~~~~~~~~~~~~~~~~~~~~~~~~~~~~~~~~~~~~~~~~~~~~~~~~~~~~~~~
    + CategoryInfo          : NotSpecified: (:String) [], RemoteException
    + FullyQualifiedErrorId : NativeCommandError
 
> Build error occurred
Error: Turbopack build failed with 9 errors:
./app/api/purchase-orders/[id/]/confirm/route.ts:9:1
Module not found: Can't resolve '../../../lib/demoAuth'
[0m [90m  7 |[39m [36mimport[39m { supabaseServer } [36mfrom[39m 
[32m'../../../lib/supabaseServer'[39m[33m;[39m
 [90m  8 |[39m [36mimport[39m { resolveServerUserId } [36mfrom[39m 
[32m'../../../lib/serverUser'[39m[33m;[39m
[31m[1m>[22m[39m[90m  9 |[39m [36mimport[39m { 
ensureAuthUser[33m,[39m [33mEnsureAuthUserError[39m } [36mfrom[39m 
[32m'../../../lib/demoAuth'[39m[33m;[39m
 [90m    |[39m [31m[1m^[22m[39m[31m[1m^[22m[39m[31m[1m^[22m[39m[
31m[1m^[22m[39m[31m[1m^[22m[39m[31m[1m^[22m[39m[31m[1m^[22m[39m
[31m[1m^[22m[39m[31m[1m^[22m[39m[31m[1m^[22m[39m[31m[1m^[22m[39m
[31m[1m^[22m[39m[31m[1m^[22m[39m[31m[1m^[22m[39m[31m[1m^[22m[39
m[31m[1m^[22m[39m[31m[1m^[22m[39m[31m[1m^[22m[39m[31m[1m^[22m[3
9m[31m[1m^[22m[39m[31m[1m^[22m[39m[31m[1m^[22m[39m[31m[1m^[22m[
39m[31m[1m^[22m[39m[31m[1m^[22m[39m[31m[1m^[22m[39m[31m[1m^[22m
[39m[31m[1m^[22m[39m[31m[1m^[22m[39m[31m[1m^[22m[39m[31m[1m^[22m
[39m[31m[1m^[22m[39m[31m[1m^[22m[39m[31m[1m^[22m[39m[31m[1m^[22
m[39m[31m[1m^[22m[39m[31m[1m^[22m[39m[31m[1m^[22m[39m[31m[1m^[2
2m[39m[31m[1m^[22m[39m[31m[1m^[22m[39m[31m[1m^[22m[39m[31m[1m^[
22m[39m[31m[1m^[22m[39m[31m[1m^[22m[39m[31m[1m^[22m[39m[31m[1m^
[22m[39m[31m[1m^[22m[39m[31m[1m^[22m[39m[31m[1m^[22m[39m[31m[1m^
[22m[39m[31m[1m^[22m[39m[31m[1m^[22m[39m[31m[1m^[22m[39m[31m[1m
^[22m[39m[31m[1m^[22m[39m[31m[1m^[22m[39m[31m[1m^[22m[39m[31m[1
m^[22m[39m[31m[1m^[22m[39m[31m[1m^[22m[39m[31m[1m^[22m[39m[31m[
1m^[22m[39m[31m[1m^[22m[39m[31m[1m^[22m[39m[31m[1m^[22m[39m[31m
[1m^[22m[39m[31m[1m^[22m[39m[31m[1m^[22m[39m[31m[1m^[22m[39m[31m
[1m^[22m[39m[31m[1m^[22m[39m[31m[1m^[22m[39m[31m[1m^[22m[39m[31
m[1m^[22m[39m[31m[1m^[22m[39m
 [90m 10 |[39m
 [90m 11 |[39m [36mconst[39m [33mPO_SELECT[39m [33m=[39m [32m'*, 
purchase_order_line_items(*)'[39m[33m;[39m
 [90m 12 |[39m[0m



https://nextjs.org/docs/messages/module-not-found


./app/api/purchase-orders/[id/]/export/pdf/route.ts:9:1
Module not found: Can't resolve '../../../lib/demoAuth'
[0m [90m  7 |[39m [36mimport[39m { supabaseServer } [36mfrom[39m 
[32m'../../../lib/supabaseServer'[39m[33m;[39m
 [90m  8 |[39m [36mimport[39m { resolveServerUserId } [36mfrom[39m 
[32m'../../../lib/serverUser'[39m[33m;[39m
[31m[1m>[22m[39m[90m  9 |[39m [36mimport[39m { 
ensureAuthUser[33m,[39m [33mEnsureAuthUserError[39m } [36mfrom[39m 
[32m'../../../lib/demoAuth'[39m[33m;[39m
 [90m    |[39m [31m[1m^[22m[39m[31m[1m^[22m[39m[31m[1m^[22m[39m[
31m[1m^[22m[39m[31m[1m^[22m[39m[31m[1m^[22m[39m[31m[1m^[22m[39m
[31m[1m^[22m[39m[31m[1m^[22m[39m[31m[1m^[22m[39m[31m[1m^[22m[39m
[31m[1m^[22m[39m[31m[1m^[22m[39m[31m[1m^[22m[39m[31m[1m^[22m[39
m[31m[1m^[22m[39m[31m[1m^[22m[39m[31m[1m^[22m[39m[31m[1m^[22m[3
9m[31m[1m^[22m[39m[31m[1m^[22m[39m[31m[1m^[22m[39m[31m[1m^[22m[
39m[31m[1m^[22m[39m[31m[1m^[22m[39m[31m[1m^[22m[39m[31m[1m^[22m
[39m[31m[1m^[22m[39m[31m[1m^[22m[39m[31m[1m^[22m[39m[31m[1m^[22m
[39m[31m[1m^[22m[39m[31m[1m^[22m[39m[31m[1m^[22m[39m[31m[1m^[22
m[39m[31m[1m^[22m[39m[31m[1m^[22m[39m[31m[1m^[22m[39m[31m[1m^[2
2m[39m[31m[1m^[22m[39m[31m[1m^[22m[39m[31m[1m^[22m[39m[31m[1m^[
22m[39m[31m[1m^[22m[39m[31m[1m^[22m[39m[31m[1m^[22m[39m[31m[1m^
[22m[39m[31m[1m^[22m[39m[31m[1m^[22m[39m[31m[1m^[22m[39m[31m[1m^
[22m[39m[31m[1m^[22m[39m[31m[1m^[22m[39m[31m[1m^[22m[39m[31m[1m
^[22m[39m[31m[1m^[22m[39m[31m[1m^[22m[39m[31m[1m^[22m[39m[31m[1
m^[22m[39m[31m[1m^[22m[39m[31m[1m^[22m[39m[31m[1m^[22m[39m[31m[
1m^[22m[39m[31m[1m^[22m[39m[31m[1m^[22m[39m[31m[1m^[22m[39m[31m
[1m^[22m[39m[31m[1m^[22m[39m[31m[1m^[22m[39m[31m[1m^[22m[39m[31m
[1m^[22m[39m[31m[1m^[22m[39m[31m[1m^[22m[39m[31m[1m^[22m[39m[31
m[1m^[22m[39m[31m[1m^[22m[39m
 [90m 10 |[39m
 [90m 11 |[39m [36mconst[39m [33mPO_SELECT[39m [33m=[39m [32m`[39m
 [90m 12 |[39m [32m  *,[39m[0m



https://nextjs.org/docs/messages/module-not-found


./app/api/purchase-orders/[id/]/send/route.ts:9:1
Module not found: Can't resolve '../../../lib/demoAuth'
[0m [90m  7 |[39m [36mimport[39m { supabaseServer } [36mfrom[39m 
[32m'../../../lib/supabaseServer'[39m[33m;[39m
 [90m  8 |[39m [36mimport[39m { resolveServerUserId } [36mfrom[39m 
[32m'../../../lib/serverUser'[39m[33m;[39m
[31m[1m>[22m[39m[90m  9 |[39m [36mimport[39m { 
ensureAuthUser[33m,[39m [33mEnsureAuthUserError[39m } [36mfrom[39m 
[32m'../../../lib/demoAuth'[39m[33m;[39m
 [90m    |[39m [31m[1m^[22m[39m[31m[1m^[22m[39m[31m[1m^[22m[39m[
31m[1m^[22m[39m[31m[1m^[22m[39m[31m[1m^[22m[39m[31m[1m^[22m[39m
[31m[1m^[22m[39m[31m[1m^[22m[39m[31m[1m^[22m[39m[31m[1m^[22m[39m
[31m[1m^[22m[39m[31m[1m^[22m[39m[31m[1m^[22m[39m[31m[1m^[22m[39
m[31m[1m^[22m[39m[31m[1m^[22m[39m[31m[1m^[22m[39m[31m[1m^[22m[3
9m[31m[1m^[22m[39m[31m[1m^[22m[39m[31m[1m^[22m[39m[31m[1m^[22m[
39m[31m[1m^[22m[39m[31m[1m^[22m[39m[31m[1m^[22m[39m[31m[1m^[22m
[39m[31m[1m^[22m[39m[31m[1m^[22m[39m[31m[1m^[22m[39m[31m[1m^[22m
[39m[31m[1m^[22m[39m[31m[1m^[22m[39m[31m[1m^[22m[39m[31m[1m^[22
m[39m[31m[1m^[22m[39m[31m[1m^[22m[39m[31m[1m^[22m[39m[31m[1m^[2
2m[39m[31m[1m^[22m[39m[31m[1m^[22m[39m[31m[1m^[22m[39m[31m[1m^[
22m[39m[31m[1m^[22m[39m[31m[1m^[22m[39m[31m[1m^[22m[39m[31m[1m^
[22m[39m[31m[1m^[22m[39m[31m[1m^[22m[39m[31m[1m^[22m[39m[31m[1m^
[22m[39m[31m[1m^[22m[39m[31m[1m^[22m[39m[31m[1m^[22m[39m[31m[1m
^[22m[39m[31m[1m^[22m[39m[31m[1m^[22m[39m[31m[1m^[22m[39m[31m[1
m^[22m[39m[31m[1m^[22m[39m[31m[1m^[22m[39m[31m[1m^[22m[39m[31m[
1m^[22m[39m[31m[1m^[22m[39m[31m[1m^[22m[39m[31m[1m^[22m[39m[31m
[1m^[22m[39m[31m[1m^[22m[39m[31m[1m^[22m[39m[31m[1m^[22m[39m[31m
[1m^[22m[39m[31m[1m^[22m[39m[31m[1m^[22m[39m[31m[1m^[22m[39m[31
m[1m^[22m[39m[31m[1m^[22m[39m
 [90m 10 |[39m
 [90m 11 |[39m [36mconst[39m [33mPO_SELECT[39m [33m=[39m [32m'*, 
purchase_order_line_items(*)'[39m[33m;[39m
 [90m 12 |[39m[0m



https://nextjs.org/docs/messages/module-not-found


./app/api/purchase-orders/[id/]/confirm/route.ts:8:1
Module not found: Can't resolve '../../../lib/serverUser'
[0m [90m  6 |[39m [36mimport[39m { [33mNextResponse[39m } 
[36mfrom[39m [32m'next/server'[39m[33m;[39m
 [90m  7 |[39m [36mimport[39m { supabaseServer } [36mfrom[39m 
[32m'../../../lib/supabaseServer'[39m[33m;[39m
[31m[1m>[22m[39m[90m  8 |[39m [36mimport[39m { resolveServerUserId } 
[36mfrom[39m [32m'../../../lib/serverUser'[39m[33m;[39m
 [90m    |[39m [31m[1m^[22m[39m[31m[1m^[22m[39m[31m[1m^[22m[39m[
31m[1m^[22m[39m[31m[1m^[22m[39m[31m[1m^[22m[39m[31m[1m^[22m[39m
[31m[1m^[22m[39m[31m[1m^[22m[39m[31m[1m^[22m[39m[31m[1m^[22m[39m
[31m[1m^[22m[39m[31m[1m^[22m[39m[31m[1m^[22m[39m[31m[1m^[22m[39
m[31m[1m^[22m[39m[31m[1m^[22m[39m[31m[1m^[22m[39m[31m[1m^[22m[3
9m[31m[1m^[22m[39m[31m[1m^[22m[39m[31m[1m^[22m[39m[31m[1m^[22m[
39m[31m[1m^[22m[39m[31m[1m^[22m[39m[31m[1m^[22m[39m[31m[1m^[22m
[39m[31m[1m^[22m[39m[31m[1m^[22m[39m[31m[1m^[22m[39m[31m[1m^[22m
[39m[31m[1m^[22m[39m[31m[1m^[22m[39m[31m[1m^[22m[39m[31m[1m^[22
m[39m[31m[1m^[22m[39m[31m[1m^[22m[39m[31m[1m^[22m[39m[31m[1m^[2
2m[39m[31m[1m^[22m[39m[31m[1m^[22m[39m[31m[1m^[22m[39m[31m[1m^[
22m[39m[31m[1m^[22m[39m[31m[1m^[22m[39m[31m[1m^[22m[39m[31m[1m^
[22m[39m[31m[1m^[22m[39m[31m[1m^[22m[39m[31m[1m^[22m[39m[31m[1m^
[22m[39m[31m[1m^[22m[39m[31m[1m^[22m[39m[31m[1m^[22m[39m[31m[1m
^[22m[39m[31m[1m^[22m[39m[31m[1m^[22m[39m[31m[1m^[22m[39m[31m[1
m^[22m[39m[31m[1m^[22m[39m[31m[1m^[22m[39m[31m[1m^[22m[39m
 [90m  9 |[39m [36mimport[39m { ensureAuthUser[33m,[39m 
[33mEnsureAuthUserError[39m } [36mfrom[39m 
[32m'../../../lib/demoAuth'[39m[33m;[39m
 [90m 10 |[39m
 [90m 11 |[39m [36mconst[39m [33mPO_SELECT[39m [33m=[39m [32m'*, 
purchase_order_line_items(*)'[39m[33m;[39m[0m



https://nextjs.org/docs/messages/module-not-found


./app/api/purchase-orders/[id/]/export/pdf/route.ts:8:1
Module not found: Can't resolve '../../../lib/serverUser'
[0m [90m  6 |[39m [36mimport[39m { [33mNextResponse[39m } 
[36mfrom[39m [32m'next/server'[39m[33m;[39m
 [90m  7 |[39m [36mimport[39m { supabaseServer } [36mfrom[39m 
[32m'../../../lib/supabaseServer'[39m[33m;[39m
[31m[1m>[22m[39m[90m  8 |[39m [36mimport[39m { resolveServerUserId } 
[36mfrom[39m [32m'../../../lib/serverUser'[39m[33m;[39m
 [90m    |[39m [31m[1m^[22m[39m[31m[1m^[22m[39m[31m[1m^[22m[39m[
31m[1m^[22m[39m[31m[1m^[22m[39m[31m[1m^[22m[39m[31m[1m^[22m[39m
[31m[1m^[22m[39m[31m[1m^[22m[39m[31m[1m^[22m[39m[31m[1m^[22m[39m
[31m[1m^[22m[39m[31m[1m^[22m[39m[31m[1m^[22m[39m[31m[1m^[22m[39
m[31m[1m^[22m[39m[31m[1m^[22m[39m[31m[1m^[22m[39m[31m[1m^[22m[3
9m[31m[1m^[22m[39m[31m[1m^[22m[39m[31m[1m^[22m[39m[31m[1m^[22m[
39m[31m[1m^[22m[39m[31m[1m^[22m[39m[31m[1m^[22m[39m[31m[1m^[22m
[39m[31m[1m^[22m[39m[31m[1m^[22m[39m[31m[1m^[22m[39m[31m[1m^[22m
[39m[31m[1m^[22m[39m[31m[1m^[22m[39m[31m[1m^[22m[39m[31m[1m^[22
m[39m[31m[1m^[22m[39m[31m[1m^[22m[39m[31m[1m^[22m[39m[31m[1m^[2
2m[39m[31m[1m^[22m[39m[31m[1m^[22m[39m[31m[1m^[22m[39m[31m[1m^[
22m[39m[31m[1m^[22m[39m[31m[1m^[22m[39m[31m[1m^[22m[39m[31m[1m^
[22m[39m[31m[1m^[22m[39m[31m[1m^[22m[39m[31m[1m^[22m[39m[31m[1m^
[22m[39m[31m[1m^[22m[39m[31m[1m^[22m[39m[31m[1m^[22m[39m[31m[1m
^[22m[39m[31m[1m^[22m[39m[31m[1m^[22m[39m[31m[1m^[22m[39m[31m[1
m^[22m[39m[31m[1m^[22m[39m[31m[1m^[22m[39m[31m[1m^[22m[39m
 [90m  9 |[39m [36mimport[39m { ensureAuthUser[33m,[39m 
[33mEnsureAuthUserError[39m } [36mfrom[39m 
[32m'../../../lib/demoAuth'[39m[33m;[39m
 [90m 10 |[39m
 [90m 11 |[39m [36mconst[39m [33mPO_SELECT[39m [33m=[39m 
[32m`[39m[0m



https://nextjs.org/docs/messages/module-not-found


./app/api/purchase-orders/[id/]/send/route.ts:8:1
Module not found: Can't resolve '../../../lib/serverUser'
[0m [90m  6 |[39m [36mimport[39m { [33mNextResponse[39m } 
[36mfrom[39m [32m'next/server'[39m[33m;[39m
 [90m  7 |[39m [36mimport[39m { supabaseServer } [36mfrom[39m 
[32m'../../../lib/supabaseServer'[39m[33m;[39m
[31m[1m>[22m[39m[90m  8 |[39m [36mimport[39m { resolveServerUserId } 
[36mfrom[39m [32m'../../../lib/serverUser'[39m[33m;[39m
 [90m    |[39m [31m[1m^[22m[39m[31m[1m^[22m[39m[31m[1m^[22m[39m[
31m[1m^[22m[39m[31m[1m^[22m[39m[31m[1m^[22m[39m[31m[1m^[22m[39m
[31m[1m^[22m[39m[31m[1m^[22m[39m[31m[1m^[22m[39m[31m[1m^[22m[39m
[31m[1m^[22m[39m[31m[1m^[22m[39m[31m[1m^[22m[39m[31m[1m^[22m[39
m[31m[1m^[22m[39m[31m[1m^[22m[39m[31m[1m^[22m[39m[31m[1m^[22m[3
9m[31m[1m^[22m[39m[31m[1m^[22m[39m[31m[1m^[22m[39m[31m[1m^[22m[
39m[31m[1m^[22m[39m[31m[1m^[22m[39m[31m[1m^[22m[39m[31m[1m^[22m
[39m[31m[1m^[22m[39m[31m[1m^[22m[39m[31m[1m^[22m[39m[31m[1m^[22m
[39m[31m[1m^[22m[39m[31m[1m^[22m[39m[31m[1m^[22m[39m[31m[1m^[22
m[39m[31m[1m^[22m[39m[31m[1m^[22m[39m[31m[1m^[22m[39m[31m[1m^[2
2m[39m[31m[1m^[22m[39m[31m[1m^[22m[39m[31m[1m^[22m[39m[31m[1m^[
22m[39m[31m[1m^[22m[39m[31m[1m^[22m[39m[31m[1m^[22m[39m[31m[1m^
[22m[39m[31m[1m^[22m[39m[31m[1m^[22m[39m[31m[1m^[22m[39m[31m[1m^
[22m[39m[31m[1m^[22m[39m[31m[1m^[22m[39m[31m[1m^[22m[39m[31m[1m
^[22m[39m[31m[1m^[22m[39m[31m[1m^[22m[39m[31m[1m^[22m[39m[31m[1
m^[22m[39m[31m[1m^[22m[39m[31m[1m^[22m[39m[31m[1m^[22m[39m
 [90m  9 |[39m [36mimport[39m { ensureAuthUser[33m,[39m 
[33mEnsureAuthUserError[39m } [36mfrom[39m 
[32m'../../../lib/demoAuth'[39m[33m;[39m
 [90m 10 |[39m
 [90m 11 |[39m [36mconst[39m [33mPO_SELECT[39m [33m=[39m [32m'*, 
purchase_order_line_items(*)'[39m[33m;[39m[0m



https://nextjs.org/docs/messages/module-not-found


./app/api/purchase-orders/[id/]/confirm/route.ts:7:1
Module not found: Can't resolve '../../../lib/supabaseServer'
[0m [90m  5 |[39m
 [90m  6 |[39m [36mimport[39m { [33mNextResponse[39m } [36mfrom[39m 
[32m'next/server'[39m[33m;[39m
[31m[1m>[22m[39m[90m  7 |[39m [36mimport[39m { supabaseServer } 
[36mfrom[39m [32m'../../../lib/supabaseServer'[39m[33m;[39m
 [90m    |[39m [31m[1m^[22m[39m[31m[1m^[22m[39m[31m[1m^[22m[39m[
31m[1m^[22m[39m[31m[1m^[22m[39m[31m[1m^[22m[39m[31m[1m^[22m[39m
[31m[1m^[22m[39m[31m[1m^[22m[39m[31m[1m^[22m[39m[31m[1m^[22m[39m
[31m[1m^[22m[39m[31m[1m^[22m[39m[31m[1m^[22m[39m[31m[1m^[22m[39
m[31m[1m^[22m[39m[31m[1m^[22m[39m[31m[1m^[22m[39m[31m[1m^[22m[3
9m[31m[1m^[22m[39m[31m[1m^[22m[39m[31m[1m^[22m[39m[31m[1m^[22m[
39m[31m[1m^[22m[39m[31m[1m^[22m[39m[31m[1m^[22m[39m[31m[1m^[22m
[39m[31m[1m^[22m[39m[31m[1m^[22m[39m[31m[1m^[22m[39m[31m[1m^[22m
[39m[31m[1m^[22m[39m[31m[1m^[22m[39m[31m[1m^[22m[39m[31m[1m^[22
m[39m[31m[1m^[22m[39m[31m[1m^[22m[39m[31m[1m^[22m[39m[31m[1m^[2
2m[39m[31m[1m^[22m[39m[31m[1m^[22m[39m[31m[1m^[22m[39m[31m[1m^[
22m[39m[31m[1m^[22m[39m[31m[1m^[22m[39m[31m[1m^[22m[39m[31m[1m^
[22m[39m[31m[1m^[22m[39m[31m[1m^[22m[39m[31m[1m^[22m[39m[31m[1m^
[22m[39m[31m[1m^[22m[39m[31m[1m^[22m[39m[31m[1m^[22m[39m[31m[1m
^[22m[39m[31m[1m^[22m[39m[31m[1m^[22m[39m[31m[1m^[22m[39m[31m[1
m^[22m[39m[31m[1m^[22m[39m[31m[1m^[22m[39m
 [90m  8 |[39m [36mimport[39m { resolveServerUserId } [36mfrom[39m 
[32m'../../../lib/serverUser'[39m[33m;[39m
 [90m  9 |[39m [36mimport[39m { ensureAuthUser[33m,[39m 
[33mEnsureAuthUserError[39m } [36mfrom[39m 
[32m'../../../lib/demoAuth'[39m[33m;[39m
 [90m 10 |[39m[0m



https://nextjs.org/docs/messages/module-not-found


./app/api/purchase-orders/[id/]/export/pdf/route.ts:7:1
Module not found: Can't resolve '../../../lib/supabaseServer'
[0m [90m  5 |[39m
 [90m  6 |[39m [36mimport[39m { [33mNextResponse[39m } [36mfrom[39m 
[32m'next/server'[39m[33m;[39m
[31m[1m>[22m[39m[90m  7 |[39m [36mimport[39m { supabaseServer } 
[36mfrom[39m [32m'../../../lib/supabaseServer'[39m[33m;[39m
 [90m    |[39m [31m[1m^[22m[39m[31m[1m^[22m[39m[31m[1m^[22m[39m[
31m[1m^[22m[39m[31m[1m^[22m[39m[31m[1m^[22m[39m[31m[1m^[22m[39m
[31m[1m^[22m[39m[31m[1m^[22m[39m[31m[1m^[22m[39m[31m[1m^[22m[39m
[31m[1m^[22m[39m[31m[1m^[22m[39m[31m[1m^[22m[39m[31m[1m^[22m[39
m[31m[1m^[22m[39m[31m[1m^[22m[39m[31m[1m^[22m[39m[31m[1m^[22m[3
9m[31m[1m^[22m[39m[31m[1m^[22m[39m[31m[1m^[22m[39m[31m[1m^[22m[
39m[31m[1m^[22m[39m[31m[1m^[22m[39m[31m[1m^[22m[39m[31m[1m^[22m
[39m[31m[1m^[22m[39m[31m[1m^[22m[39m[31m[1m^[22m[39m[31m[1m^[22m
[39m[31m[1m^[22m[39m[31m[1m^[22m[39m[31m[1m^[22m[39m[31m[1m^[22
m[39m[31m[1m^[22m[39m[31m[1m^[22m[39m[31m[1m^[22m[39m[31m[1m^[2
2m[39m[31m[1m^[22m[39m[31m[1m^[22m[39m[31m[1m^[22m[39m[31m[1m^[
22m[39m[31m[1m^[22m[39m[31m[1m^[22m[39m[31m[1m^[22m[39m[31m[1m^
[22m[39m[31m[1m^[22m[39m[31m[1m^[22m[39m[31m[1m^[22m[39m[31m[1m^
[22m[39m[31m[1m^[22m[39m[31m[1m^[22m[39m[31m[1m^[22m[39m[31m[1m
^[22m[39m[31m[1m^[22m[39m[31m[1m^[22m[39m[31m[1m^[22m[39m[31m[1
m^[22m[39m[31m[1m^[22m[39m[31m[1m^[22m[39m
 [90m  8 |[39m [36mimport[39m { resolveServerUserId } [36mfrom[39m 
[32m'../../../lib/serverUser'[39m[33m;[39m
 [90m  9 |[39m [36mimport[39m { ensureAuthUser[33m,[39m 
[33mEnsureAuthUserError[39m } [36mfrom[39m 
[32m'../../../lib/demoAuth'[39m[33m;[39m
 [90m 10 |[39m[0m



https://nextjs.org/docs/messages/module-not-found


./app/api/purchase-orders/[id/]/send/route.ts:7:1
Module not found: Can't resolve '../../../lib/supabaseServer'
[0m [90m  5 |[39m
 [90m  6 |[39m [36mimport[39m { [33mNextResponse[39m } [36mfrom[39m 
[32m'next/server'[39m[33m;[39m
[31m[1m>[22m[39m[90m  7 |[39m [36mimport[39m { supabaseServer } 
[36mfrom[39m [32m'../../../lib/supabaseServer'[39m[33m;[39m
 [90m    |[39m [31m[1m^[22m[39m[31m[1m^[22m[39m[31m[1m^[22m[39m[
31m[1m^[22m[39m[31m[1m^[22m[39m[31m[1m^[22m[39m[31m[1m^[22m[39m
[31m[1m^[22m[39m[31m[1m^[22m[39m[31m[1m^[22m[39m[31m[1m^[22m[39m
[31m[1m^[22m[39m[31m[1m^[22m[39m[31m[1m^[22m[39m[31m[1m^[22m[39
m[31m[1m^[22m[39m[31m[1m^[22m[39m[31m[1m^[22m[39m[31m[1m^[22m[3
9m[31m[1m^[22m[39m[31m[1m^[22m[39m[31m[1m^[22m[39m[31m[1m^[22m[
39m[31m[1m^[22m[39m[31m[1m^[22m[39m[31m[1m^[22m[39m[31m[1m^[22m
[39m[31m[1m^[22m[39m[31m[1m^[22m[39m[31m[1m^[22m[39m[31m[1m^[22m
[39m[31m[1m^[22m[39m[31m[1m^[22m[39m[31m[1m^[22m[39m[31m[1m^[22
m[39m[31m[1m^[22m[39m[31m[1m^[22m[39m[31m[1m^[22m[39m[31m[1m^[2
2m[39m[31m[1m^[22m[39m[31m[1m^[22m[39m[31m[1m^[22m[39m[31m[1m^[
22m[39m[31m[1m^[22m[39m[31m[1m^[22m[39m[31m[1m^[22m[39m[31m[1m^
[22m[39m[31m[1m^[22m[39m[31m[1m^[22m[39m[31m[1m^[22m[39m[31m[1m^
[22m[39m[31m[1m^[22m[39m[31m[1m^[22m[39m[31m[1m^[22m[39m[31m[1m
^[22m[39m[31m[1m^[22m[39m[31m[1m^[22m[39m[31m[1m^[22m[39m[31m[1
m^[22m[39m[31m[1m^[22m[39m[31m[1m^[22m[39m
 [90m  8 |[39m [36mimport[39m { resolveServerUserId } [36mfrom[39m 
[32m'../../../lib/serverUser'[39m[33m;[39m
 [90m  9 |[39m [36mimport[39m { ensureAuthUser[33m,[39m 
[33mEnsureAuthUserError[39m } [36mfrom[39m 
[32m'../../../lib/demoAuth'[39m[33m;[39m
 [90m 10 |[39m[0m



https://nextjs.org/docs/messages/module-not-found


    at <unknown> (./app/api/purchase-orders/[id/]/confirm/route.ts:9:1)
    at <unknown> (https://nextjs.org/docs/messages/module-not-found)
    at <unknown> (./app/api/purchase-orders/[id/]/export/pdf/route.ts:9:1)
    at <unknown> (https://nextjs.org/docs/messages/module-not-found)
    at <unknown> (./app/api/purchase-orders/[id/]/send/route.ts:9:1)
    at <unknown> (https://nextjs.org/docs/messages/module-not-found)
    at <unknown> (./app/api/purchase-orders/[id/]/confirm/route.ts:8:1)
    at <unknown> (https://nextjs.org/docs/messages/module-not-found)
    at <unknown> (./app/api/purchase-orders/[id/]/export/pdf/route.ts:8:1)
    at <unknown> (https://nextjs.org/docs/messages/module-not-found)
    at <unknown> (./app/api/purchase-orders/[id/]/send/route.ts:8:1)
    at <unknown> (https://nextjs.org/docs/messages/module-not-found)
    at <unknown> (./app/api/purchase-orders/[id/]/confirm/route.ts:7:1)
    at <unknown> (https://nextjs.org/docs/messages/module-not-found)
    at <unknown> (./app/api/purchase-orders/[id/]/export/pdf/route.ts:7:1)
    at <unknown> (https://nextjs.org/docs/messages/module-not-found)
    at <unknown> (./app/api/purchase-orders/[id/]/send/route.ts:7:1)
    at <unknown> (https://nextjs.org/docs/messages/module-not-found)
