ΓòöΓòÉΓòÉΓòÉΓòÉΓòÉΓòÉΓòÉΓòÉΓòÉΓòÉΓòÉΓòÉΓòÉΓòÉΓòÉΓòÉΓòÉΓòÉΓòÉΓòÉΓòÉΓòÉΓòÉΓòÉΓòÉΓòÉΓòÉΓòÉΓòÉΓòÉΓòÉΓòÉΓòÉΓòÉΓòÉΓòÉΓòÉΓòÉΓòÉΓòÉΓòÉΓòÉΓòÉΓòÉΓòÉΓòÉΓòÉΓòÉΓòÉΓòÉΓòÉΓòÉΓòÉΓòÉΓòÉΓòÉΓòÉΓòÉΓòÉΓòÉΓòù
Γòæ         TIER 2 END-TO-END TEST SUITE FOR QA               Γòæ
Γòæ                 (Preparation for Vercel)                   Γòæ
ΓòÜΓòÉΓòÉΓòÉΓòÉΓòÉΓòÉΓòÉΓòÉΓòÉΓòÉΓòÉΓòÉΓòÉΓòÉΓòÉΓòÉΓòÉΓòÉΓòÉΓòÉΓòÉΓòÉΓòÉΓòÉΓòÉΓòÉΓòÉΓòÉΓòÉΓòÉΓòÉΓòÉΓòÉΓòÉΓòÉΓòÉΓòÉΓòÉΓòÉΓòÉΓòÉΓòÉΓòÉΓòÉΓòÉΓòÉΓòÉΓòÉΓòÉΓòÉΓòÉΓòÉΓòÉΓòÉΓòÉΓòÉΓòÉΓòÉΓòÉΓòÉΓò¥

Server: http://localhost:3000
Time: 2026-03-11T08:52:49.383Z


≡ƒöÉ TIER 2 E2E Test Suite - Auth & Setup
==========================================

1∩╕ÅΓâú Authentication Tests
  Γ£à API is responsive
  Γ£à API returns service info

2∩╕ÅΓâú TIER 1 Features (Baseline)
==============================

Testing: Projects
  Γ¥î Create project
     Details: {"status":400}
Testing: Tasks
  Γ£à Create task
  Γ£à Fetch projects list
  Γ£à Fetch tasks list
Testing: Invoices
  Γ£à Create invoice
  Γ£à Fetch invoices list

3∩╕ÅΓâú TIER 2 Features - WIP Tracking
====================================

Testing: WIP Budget Tracking
  Γ¥î Create WIP snapshot
     Details: {"status":500}
  Γ¥î Fetch WIP tracking data
     Details: {"status":500}

4∩╕ÅΓâú TIER 2 Features - Approval Workflows
=========================================

Testing: Workflow Management
  Γ¥î Create workflow
     Details: {"status":500}
  Γ¥î Fetch workflows
     Details: {"status":500}

5∩╕ÅΓâú TIER 2 Features - Geolocation Tracking
============================================

Testing: GPS Location Tracking
  Γ¥î Record location
     Details: {"status":500}
  Γ¥î Fetch location history
     Details: {"status":500}
  Γ£à Validate geofence

6∩╕ÅΓâú TIER 2 Features - Offline Sync & Mobile
===========================================

Testing: Offline Data Bundling
  Γ£à Create offline bundle
  Γ¥î Fetch sync status
     Details: {"status":500}
  Γ£à Fetch sync log

7∩╕ÅΓâú TIER 2 Features - ERP Integration
======================================

Testing: ERP Sync (Sage X3/Xero)
  Γ£à Check ERP integration status
  Γ£à Sync invoices to ERP
  Γ£à Fetch ERP sync history

8∩╕ÅΓâú TIER 2 Features - Advanced Exports
========================================

Testing: Data Export
  Γ£à Export project data
  Γ£à Generate budget variance report

9∩╕ÅΓâú Database Schema Validation
=================================

Testing: Database Structure
  Γ£à Database schema accessible
  Checking for Tier 2 schema tables...
  Γ£à Tier 2 schema tables defined

≡ƒöƒ Build Quality & Performance
================================

Testing: API Response Times
  Γ£à API responds within 1000ms (actual: 34ms)
Testing: Error Handling
  Γ£à Proper 404 error handling
  Γ£à Validates required fields

≡ƒôª Vercel Deployment Readiness Checklist
==========================================

Testing: Configuration
  Γ£à API server is running
Testing: Critical endpoints
  Γ£à Endpoint /projects accessible
  Γ£à Endpoint /tasks accessible
  Γ£à Endpoint /invoices accessible
  Γ¥î Endpoint /wip-tracking accessible
     Details: {"status":500}
  Γ¥î Endpoint /location-tracking accessible
     Details: {"status":500}
  Γ¥î Endpoint /workflows accessible
     Details: {"status":500}
  Γ¥î Endpoint /offline-sync-status accessible
     Details: {"status":500}
Testing: Vercel requirements
  Γ£à API compatible with serverless
  Γ£à No persistent local storage dependency
  Γ£à Environment variables configured

ΓòöΓòÉΓòÉΓòÉΓòÉΓòÉΓòÉΓòÉΓòÉΓòÉΓòÉΓòÉΓòÉΓòÉΓòÉΓòÉΓòÉΓòÉΓòÉΓòÉΓòÉΓòÉΓòÉΓòÉΓòÉΓòÉΓòÉΓòÉΓòÉΓòÉΓòÉΓòÉΓòÉΓòÉΓòÉΓòÉΓòÉΓòÉΓòÉΓòÉΓòÉΓòÉΓòÉΓòÉΓòÉΓòÉΓòÉΓòÉΓòÉΓòÉΓòÉΓòÉΓòÉΓòÉΓòÉΓòÉΓòÉΓòÉΓòÉΓòÉΓòÉΓòù
Γòæ                    TEST SUMMARY REPORT                     Γòæ
ΓòÜΓòÉΓòÉΓòÉΓòÉΓòÉΓòÉΓòÉΓòÉΓòÉΓòÉΓòÉΓòÉΓòÉΓòÉΓòÉΓòÉΓòÉΓòÉΓòÉΓòÉΓòÉΓòÉΓòÉΓòÉΓòÉΓòÉΓòÉΓòÉΓòÉΓòÉΓòÉΓòÉΓòÉΓòÉΓòÉΓòÉΓòÉΓòÉΓòÉΓòÉΓòÉΓòÉΓòÉΓòÉΓòÉΓòÉΓòÉΓòÉΓòÉΓòÉΓòÉΓòÉΓòÉΓòÉΓòÉΓòÉΓòÉΓòÉΓòÉΓòÉΓò¥

≡ƒôè Test Results:
   Γ£à Passed: 27/39
   Γ¥î Failed: 12/39
   ≡ƒôê Pass Rate: 69.23%

ΓÜá∩╕Å  Failed Tests:
   1. Create project
      Details: {"status":400}
   2. Create WIP snapshot
      Details: {"status":500}
   3. Fetch WIP tracking data
      Details: {"status":500}
   4. Create workflow
      Details: {"status":500}
   5. Fetch workflows
      Details: {"status":500}
   6. Record location
      Details: {"status":500}
   7. Fetch location history
      Details: {"status":500}
   8. Fetch sync status
      Details: {"status":500}
   9. Endpoint /wip-tracking accessible
      Details: {"status":500}
   10. Endpoint /location-tracking accessible
      Details: {"status":500}
   11. Endpoint /workflows accessible
      Details: {"status":500}
   12. Endpoint /offline-sync-status accessible
      Details: {"status":500}

≡ƒôï Feature Coverage:
   Γ£à TIER 1 (Baseline): Projects, Tasks, Invoices
   Γ£à TIER 2 (Growth): WIP, Workflows, Geolocation, Offline Sync, ERP
   Γ£à Build Quality: Error handling, Performance
   Γ£à Deployment: Vercel readiness validated

≡ƒÄ» Vercel Deployment Status:
   ≡ƒƒí PARTIAL READINESS
   ΓÜá∩╕Å  Some endpoints need attention before deployment

≡ƒôî Test Execution Details:
   Duration: Complete
   Server: http://localhost:3000
   Timestamp: 2026-03-11T08:53:05.554Z

≡ƒôï Next Steps for Client Deployment:
   1. ΓÜá∩╕Å  Review failed test endpoints
   2. ≡ƒöº Fix issues before deployment
   3. ≡ƒöä Re-run tests after fixes
   4. Γ£à Deploy only after reaching 85%+ pass rate

