ΓòöΓòÉΓòÉΓòÉΓòÉΓòÉΓòÉΓòÉΓòÉΓòÉΓòÉΓòÉΓòÉΓòÉΓòÉΓòÉΓòÉΓòÉΓòÉΓòÉΓòÉΓòÉΓòÉΓòÉΓòÉΓòÉΓòÉΓòÉΓòÉΓòÉΓòÉΓòÉΓòÉΓòÉΓòÉΓòÉΓòÉΓòÉΓòÉΓòÉΓòÉΓòÉΓòÉΓòÉΓòÉΓòÉΓòÉΓòÉΓòÉΓòÉΓòÉΓòÉΓòÉΓòÉΓòÉΓòÉΓòÉΓòÉΓòÉΓòÉΓòÉΓòÉΓòÉΓòÉΓòÉΓòÉΓòÉΓòÉΓòÉΓòù
Γòæ                                                                    Γòæ
Γòæ  ≡ƒÜÇ END-TO-END TEST: INVOICE CREATION & FEATURES                   Γòæ
Γòæ  Demo Mode vs Live Company Mode                                    Γòæ
Γòæ                                                                    Γòæ
ΓòÜΓòÉΓòÉΓòÉΓòÉΓòÉΓòÉΓòÉΓòÉΓòÉΓòÉΓòÉΓòÉΓòÉΓòÉΓòÉΓòÉΓòÉΓòÉΓòÉΓòÉΓòÉΓòÉΓòÉΓòÉΓòÉΓòÉΓòÉΓòÉΓòÉΓòÉΓòÉΓòÉΓòÉΓòÉΓòÉΓòÉΓòÉΓòÉΓòÉΓòÉΓòÉΓòÉΓòÉΓòÉΓòÉΓòÉΓòÉΓòÉΓòÉΓòÉΓòÉΓòÉΓòÉΓòÉΓòÉΓòÉΓòÉΓòÉΓòÉΓòÉΓòÉΓòÉΓòÉΓòÉΓòÉΓòÉΓòÉΓòÉΓò¥

≡ƒôì Target: https://fieldcost.vercel.app
ΓÅ░ Started: 2026-03-12T00:30:52.985Z


======================================================================
≡ƒÄ« DEMO MODE TESTING
======================================================================
User: demo

1∩╕ÅΓâú  API Health Check
  Γ£à API is responsive

2∩╕ÅΓâú  Create Project
  Γ¥î Create project (201 or 200 expected)
     Details: {"status":400,"error":"Project limit reached (6)"}

3∩╕ÅΓâú  Create Customer
  Γ£à Create customer
   Customer ID: 52

4∩╕ÅΓâú  Create Tasks
  Γ£à Create task

5∩╕ÅΓâú  Create Invoice
  Γ£à Create invoice
   Invoice ID: 37

6∩╕ÅΓâú  Retrieve Invoices
  Γ£à Get invoices list
   Found 28 invoices

7∩╕ÅΓâú  Retrieve Projects
  Γ£à Get projects list
   Found 6 projects

8∩╕ÅΓâú  Retrieve Tasks
  Γ£à Get tasks list
   Found 87 tasks

9∩╕ÅΓâú  Export Functionality
  Γ¥î Export invoices as CSV
     Details: {"status":500}

≡ƒöƒ Reports Endpoint
  Γ£à Access reports

======================================================================
≡ƒÅó LIVE COMPANY MODE TESTING
======================================================================
User: demo-live-test

1∩╕ÅΓâú  API Health Check
  Γ£à API is responsive

2∩╕ÅΓâú  Create Project
  Γ¥î Create project
     Details: {"status":500,"error":"Unable to prepare user context"}

3∩╕ÅΓâú  Create Customer
  Γ¥î Create customer
     Details: {"status":500,"error":"Unable to prepare user context"}

4∩╕ÅΓâú  Create Tasks
  Γ¥î Create task
     Details: {"status":500}

5∩╕ÅΓâú  Create Invoice
  Γ¥î Create invoice
     Details: {"status":500,"error":"Unable to prepare user context"}

6∩╕ÅΓâú  Retrieve Invoices
  Γ£à Get invoices list
   Found 0 invoices

7∩╕ÅΓâú  Retrieve Projects
  Γ£à Get projects list
   Found 6 projects

8∩╕ÅΓâú  Retrieve Tasks
  Γ¥î Get tasks list
     Details: {"status":500}
   Found 0 tasks

9∩╕ÅΓâú  Data Isolation Check
  Γ£à Demo user cannot see live company data

≡ƒöƒ Reports Endpoint
  Γ£à Access reports

======================================================================
≡ƒôè TEST SUMMARY REPORT
======================================================================

≡ƒÄ« DEMO MODE:
   Γ£à Passed: 8/10
   Γ¥î Failed: 2/10
   ≡ƒôê Pass Rate: 80.0%

≡ƒÅó LIVE COMPANY MODE:
   Γ£à Passed: 5/10
   Γ¥î Failed: 5/10
   ≡ƒôê Pass Rate: 50.0%

≡ƒôè OVERALL:
   Γ£à Total Passed: 13/20
   Γ¥î Total Failed: 7/20
   ≡ƒôê Overall Pass Rate: 65.0%

Γ£à KEY FEATURES TESTED:
   Γ£ô Project creation (both modes)
   Γ£ô Customer creation (both modes)
   Γ£ô Task creation (both modes)
   Γ£ô Invoice creation (both modes) Γ¡É PRIMARY FEATURE
   Γ£ô Data retrieval (both modes)
   Γ£ô Data isolation between modes
   Γ£ô Reports endpoint
   Γ£ô Export functionality

ΓÜá∩╕Å  7 test(s) failed. Review output above.

≡ƒô¥ Full results:
{
  "demo": {
    "passed": 8,
    "failed": 2,
    "tests": [
      {
        "message": "API is responsive",
        "status": "PASS",
        "details": {
          "status": 200
        }
      },
      {
        "message": "Create project (201 or 200 expected)",
        "status": "FAIL",
        "details": {
          "status": 400,
          "error": "Project limit reached (6)"
        }
      },
      {
        "message": "Create customer",
        "status": "PASS",
        "details": {
          "status": 200
        }
      },
      {
        "message": "Create task",
        "status": "PASS",
        "details": {
          "status": 200
        }
      },
      {
        "message": "Create invoice",
        "status": "PASS",
        "details": {
          "status": 200
        }
      },
      {
        "message": "Get invoices list",
        "status": "PASS",
        "details": {
          "status": 200
        }
      },
      {
        "message": "Get projects list",
        "status": "PASS",
        "details": {
          "status": 200
        }
      },
      {
        "message": "Get tasks list",
        "status": "PASS",
        "details": {
          "status": 200
        }
      },
      {
        "message": "Export invoices as CSV",
        "status": "FAIL",
        "details": {
          "status": 500
        }
      },
      {
        "message": "Access reports",
        "status": "PASS",
        "details": {
          "status": 200
        }
      }
    ]
  },
  "live": {
    "passed": 5,
    "failed": 5,
    "tests": [
      {
        "message": "API is responsive",
        "status": "PASS",
        "details": {
          "status": 200
        }
      },
      {
        "message": "Create project",
        "status": "FAIL",
        "details": {
          "status": 500,
          "error": "Unable to prepare user context"
        }
      },
      {
        "message": "Create customer",
        "status": "FAIL",
        "details": {
          "status": 500,
          "error": "Unable to prepare user context"
        }
      },
      {
        "message": "Create task",
        "status": "FAIL",
        "details": {
          "status": 500
        }
      },
      {
        "message": "Create invoice",
        "status": "FAIL",
        "details": {
          "status": 500,
          "error": "Unable to prepare user context"
        }
      },
      {
        "message": "Get invoices list",
        "status": "PASS",
        "details": {
          "status": 200
        }
      },
      {
        "message": "Get projects list",
        "status": "PASS",
        "details": {
          "status": 200
        }
      },
      {
        "message": "Get tasks list",
        "status": "FAIL",
        "details": {
          "status": 500
        }
      },
      {
        "message": "Demo user cannot see live company data",
        "status": "PASS",
        "details": {
          "demoProjectCount": 6
        }
      },
      {
        "message": "Access reports",
        "status": "PASS",
        "details": {
          "status": 200
        }
      }
    ]
  }
}
