

╬ô├▓├╢╬ô├▓├ë╬ô├▓├ë╬ô├▓├ë╬ô├▓├ë╬ô├▓├ë╬ô├▓├ë╬ô├▓├ë╬ô├▓├ë╬ô├▓├ë╬ô├▓├ë╬ô├▓├ë╬ô├▓├ë╬ô├▓├ë╬ô├▓├ë╬ô├▓├ë╬ô├▓├ë╬ô├▓├ë╬ô├▓├ë╬ô├▓├ë╬ô├▓├ë╬ô├▓├ë╬ô├▓├ë╬ô├▓├ë╬ô├▓├ë╬ô├▓├ë╬ô├▓├ë╬ô├▓├ë╬ô├▓├ë╬ô├▓├ë╬ô├▓├ë╬ô├▓├ë╬ô├▓├ë╬ô├▓├ë╬ô├▓├ë╬ô├▓├ë╬ô├▓├ë╬ô├▓├ë╬ô├▓├ë╬ô├▓├ë╬ô├▓├ë╬ô├▓├ë╬ô├▓├ë╬ô├▓├ë╬ô├▓├ë╬ô├▓├ë╬ô├▓├ë╬ô├▓├ë╬ô├▓├ë╬ô├▓├ë╬ô├▓├ë╬ô├▓├ë╬ô├▓├ë╬ô├▓├ë╬ô├▓├ë╬ô├▓├ë╬ô├▓├ë╬ô├▓├ë╬ô├▓├ë╬ô├▓├ë╬ô├▓├ë╬ô├▓├ë╬ô├▓├ë╬ô├▓├ë╬ô├▓├ë╬ô├▓├ë╬ô├▓├ë╬ô├▓├ë╬ô├▓├ë╬ô├▓├╣
╬ô├▓├ª                    Γëí╞Æ├£├ç COMPREHENSIVE AUTOMATED TEST SUITE          ╬ô├▓├ª
╬ô├▓├ª               Testing: FieldCost Production Management System          ╬ô├▓├ª
╬ô├▓├£╬ô├▓├ë╬ô├▓├ë╬ô├▓├ë╬ô├▓├ë╬ô├▓├ë╬ô├▓├ë╬ô├▓├ë╬ô├▓├ë╬ô├▓├ë╬ô├▓├ë╬ô├▓├ë╬ô├▓├ë╬ô├▓├ë╬ô├▓├ë╬ô├▓├ë╬ô├▓├ë╬ô├▓├ë╬ô├▓├ë╬ô├▓├ë╬ô├▓├ë╬ô├▓├ë╬ô├▓├ë╬ô├▓├ë╬ô├▓├ë╬ô├▓├ë╬ô├▓├ë╬ô├▓├ë╬ô├▓├ë╬ô├▓├ë╬ô├▓├ë╬ô├▓├ë╬ô├▓├ë╬ô├▓├ë╬ô├▓├ë╬ô├▓├ë╬ô├▓├ë╬ô├▓├ë╬ô├▓├ë╬ô├▓├ë╬ô├▓├ë╬ô├▓├ë╬ô├▓├ë╬ô├▓├ë╬ô├▓├ë╬ô├▓├ë╬ô├▓├ë╬ô├▓├ë╬ô├▓├ë╬ô├▓├ë╬ô├▓├ë╬ô├▓├ë╬ô├▓├ë╬ô├▓├ë╬ô├▓├ë╬ô├▓├ë╬ô├▓├ë╬ô├▓├ë╬ô├▓├ë╬ô├▓├ë╬ô├▓├ë╬ô├▓├ë╬ô├▓├ë╬ô├▓├ë╬ô├▓├ë╬ô├▓├ë╬ô├▓├ë╬ô├▓├ë╬ô├▓├ë╬ô├▓┬Ñ

Γëí╞Æ├┤├¼ Target: https://fieldcost.vercel.app
╬ô├àΓûæ Started: 2026-03-14T11:49:21.663Z


======================================================================
Γëí╞Æ├à├æ HEALTH & BASIC CONNECTIVITY TESTS
======================================================================
  ╬ô┬ú├á API Health Endpoint
  ╬ô┬ú├á Homepage Accessible

======================================================================
Γëí╞Æ├┤├¿ PROJECT CRUD OPERATIONS
======================================================================
  ╬ô┬Ñ├« CREATE Project
  ╬ô┬ú├á READ Projects (List)

======================================================================
Γëí╞Æ├ª├æ CUSTOMER CRUD OPERATIONS
======================================================================
  ╬ô┬ú├á CREATE Customer
  ╬ô┬ú├á READ Customers (List)
  ╬ô┬Ñ├« UPDATE Customer
  ╬ô┬Ñ├« DELETE Customer

======================================================================
╬ô┬ú├á TASK CRUD OPERATIONS
======================================================================
  ╬ô┬Ñ├« CREATE Task
  ╬ô┬ú├á READ Tasks (List)

======================================================================
Γëí╞Æ├åΓûæ INVOICE CRUD OPERATIONS
======================================================================
  ╬ô┬ú├á READ Invoices (List)

======================================================================
Γëí╞Æ├╢├å DATA ISOLATION & SECURITY TESTS
======================================================================
  ╬ô┬ú├á Demo & Live Users Have Isolated Data
  ╬ô┬ú├á Missing user_id Handling

======================================================================
╬ô├£├íΓê⌐Γòò├à ERROR HANDLING & EDGE CASES
======================================================================
  ╬ô┬ú├á Invalid ID Handling
  ╬ô┬ú├á Missing Required Fields Validation
  ╬ô┬Ñ├« Invalid HTTP Method Handling
  ╬ô┬ú├á Malformed Request Handling

======================================================================
Γëí╞Æ├┤├¬ REPORTS & EXPORT FUNCTIONALITY
======================================================================
  ╬ô┬ú├á Access Reports
  ╬ô┬ú├á CSV Export
  ╬ô┬ú├á PDF Export (or fallback)

======================================================================
Γëí╞Æ├╢├ë AUTHENTICATION & PERMISSIONS
======================================================================
  ╬ô┬ú├á Demo User Can Create Resources
  ╬ô┬ú├á Live User Can Create Resources
  ╬ô┬ú├á Admin User Can Create Resources

======================================================================
Γëí╞Æ├à├╣Γê⌐Γòò├à MULTI-TIER & FEATURE SUPPORT
======================================================================
  ╬ô┬ú├á Tier 1 (Demo) - Projects
  ╬ô┬ú├á Tier 2 (Live) - Projects
  ╬ô┬ú├á Multi-Company Data Isolation

╬ô├▓├ë╬ô├▓├ë╬ô├▓├ë╬ô├▓├ë╬ô├▓├ë╬ô├▓├ë╬ô├▓├ë╬ô├▓├ë╬ô├▓├ë╬ô├▓├ë╬ô├▓├ë╬ô├▓├ë╬ô├▓├ë╬ô├▓├ë╬ô├▓├ë╬ô├▓├ë╬ô├▓├ë╬ô├▓├ë╬ô├▓├ë╬ô├▓├ë╬ô├▓├ë╬ô├▓├ë╬ô├▓├ë╬ô├▓├ë╬ô├▓├ë╬ô├▓├ë╬ô├▓├ë╬ô├▓├ë╬ô├▓├ë╬ô├▓├ë╬ô├▓├ë╬ô├▓├ë╬ô├▓├ë╬ô├▓├ë╬ô├▓├ë╬ô├▓├ë╬ô├▓├ë╬ô├▓├ë╬ô├▓├ë╬ô├▓├ë╬ô├▓├ë╬ô├▓├ë╬ô├▓├ë╬ô├▓├ë╬ô├▓├ë╬ô├▓├ë╬ô├▓├ë╬ô├▓├ë╬ô├▓├ë╬ô├▓├ë╬ô├▓├ë╬ô├▓├ë╬ô├▓├ë╬ô├▓├ë╬ô├▓├ë╬ô├▓├ë╬ô├▓├ë╬ô├▓├ë╬ô├▓├ë╬ô├▓├ë╬ô├▓├ë╬ô├▓├ë╬ô├▓├ë╬ô├▓├ë╬ô├▓├ë╬ô├▓├ë╬ô├▓├ë╬ô├▓├ë╬ô├▓├ë╬ô├▓├ë
Γëí╞Æ├┤├¿ TEST SUMMARY REPORT
╬ô├▓├ë╬ô├▓├ë╬ô├▓├ë╬ô├▓├ë╬ô├▓├ë╬ô├▓├ë╬ô├▓├ë╬ô├▓├ë╬ô├▓├ë╬ô├▓├ë╬ô├▓├ë╬ô├▓├ë╬ô├▓├ë╬ô├▓├ë╬ô├▓├ë╬ô├▓├ë╬ô├▓├ë╬ô├▓├ë╬ô├▓├ë╬ô├▓├ë╬ô├▓├ë╬ô├▓├ë╬ô├▓├ë╬ô├▓├ë╬ô├▓├ë╬ô├▓├ë╬ô├▓├ë╬ô├▓├ë╬ô├▓├ë╬ô├▓├ë╬ô├▓├ë╬ô├▓├ë╬ô├▓├ë╬ô├▓├ë╬ô├▓├ë╬ô├▓├ë╬ô├▓├ë╬ô├▓├ë╬ô├▓├ë╬ô├▓├ë╬ô├▓├ë╬ô├▓├ë╬ô├▓├ë╬ô├▓├ë╬ô├▓├ë╬ô├▓├ë╬ô├▓├ë╬ô├▓├ë╬ô├▓├ë╬ô├▓├ë╬ô├▓├ë╬ô├▓├ë╬ô├▓├ë╬ô├▓├ë╬ô├▓├ë╬ô├▓├ë╬ô├▓├ë╬ô├▓├ë╬ô├▓├ë╬ô├▓├ë╬ô├▓├ë╬ô├▓├ë╬ô├▓├ë╬ô├▓├ë╬ô├▓├ë╬ô├▓├ë╬ô├▓├ë╬ô├▓├ë╬ô├▓├ë╬ô├▓├ë

Health:
  ╬ô┬ú├á Passed: 2
  ╬ô┬Ñ├« Failed: 0
  Γëí╞Æ├┤├¬ Pass Rate: 100%

Projects:
  ╬ô┬ú├á Passed: 1
  ╬ô┬Ñ├« Failed: 1
  Γëí╞Æ├┤├¬ Pass Rate: 50%

Customers:
  ╬ô┬ú├á Passed: 2
  ╬ô┬Ñ├« Failed: 2
  Γëí╞Æ├┤├¬ Pass Rate: 50%

Tasks:
  ╬ô┬ú├á Passed: 1
  ╬ô┬Ñ├« Failed: 1
  Γëí╞Æ├┤├¬ Pass Rate: 50%

Invoices:
  ╬ô┬ú├á Passed: 1
  ╬ô┬Ñ├« Failed: 0
  Γëí╞Æ├┤├¬ Pass Rate: 100%

Isolation:
  ╬ô┬ú├á Passed: 2
  ╬ô┬Ñ├« Failed: 0
  Γëí╞Æ├┤├¬ Pass Rate: 100%

Errors:
  ╬ô┬ú├á Passed: 3
  ╬ô┬Ñ├« Failed: 1
  Γëí╞Æ├┤├¬ Pass Rate: 75%

Reports:
  ╬ô┬ú├á Passed: 1
  ╬ô┬Ñ├« Failed: 0
  Γëí╞Æ├┤├¬ Pass Rate: 100%

Exports:
  ╬ô┬ú├á Passed: 2
  ╬ô┬Ñ├« Failed: 0
  Γëí╞Æ├┤├¬ Pass Rate: 100%

Auth:
  ╬ô┬ú├á Passed: 3
  ╬ô┬Ñ├« Failed: 0
  Γëí╞Æ├┤├¬ Pass Rate: 100%

Features:
  ╬ô┬ú├á Passed: 3
  ╬ô┬Ñ├« Failed: 0
  Γëí╞Æ├┤├¬ Pass Rate: 100%

╬ô├▓├ë╬ô├▓├ë╬ô├▓├ë╬ô├▓├ë╬ô├▓├ë╬ô├▓├ë╬ô├▓├ë╬ô├▓├ë╬ô├▓├ë╬ô├▓├ë╬ô├▓├ë╬ô├▓├ë╬ô├▓├ë╬ô├▓├ë╬ô├▓├ë╬ô├▓├ë╬ô├▓├ë╬ô├▓├ë╬ô├▓├ë╬ô├▓├ë╬ô├▓├ë╬ô├▓├ë╬ô├▓├ë╬ô├▓├ë╬ô├▓├ë╬ô├▓├ë╬ô├▓├ë╬ô├▓├ë╬ô├▓├ë╬ô├▓├ë╬ô├▓├ë╬ô├▓├ë╬ô├▓├ë╬ô├▓├ë╬ô├▓├ë╬ô├▓├ë╬ô├▓├ë╬ô├▓├ë╬ô├▓├ë╬ô├▓├ë╬ô├▓├ë╬ô├▓├ë╬ô├▓├ë╬ô├▓├ë╬ô├▓├ë╬ô├▓├ë╬ô├▓├ë╬ô├▓├ë╬ô├▓├ë╬ô├▓├ë╬ô├▓├ë╬ô├▓├ë╬ô├▓├ë╬ô├▓├ë╬ô├▓├ë╬ô├▓├ë╬ô├▓├ë╬ô├▓├ë╬ô├▓├ë╬ô├▓├ë╬ô├▓├ë╬ô├▓├ë╬ô├▓├ë╬ô├▓├ë╬ô├▓├ë╬ô├▓├ë╬ô├▓├ë╬ô├▓├ë╬ô├▓├ë╬ô├▓├ë
Γëí╞Æ├┤├¬ OVERALL RESULTS
╬ô├▓├ë╬ô├▓├ë╬ô├▓├ë╬ô├▓├ë╬ô├▓├ë╬ô├▓├ë╬ô├▓├ë╬ô├▓├ë╬ô├▓├ë╬ô├▓├ë╬ô├▓├ë╬ô├▓├ë╬ô├▓├ë╬ô├▓├ë╬ô├▓├ë╬ô├▓├ë╬ô├▓├ë╬ô├▓├ë╬ô├▓├ë╬ô├▓├ë╬ô├▓├ë╬ô├▓├ë╬ô├▓├ë╬ô├▓├ë╬ô├▓├ë╬ô├▓├ë╬ô├▓├ë╬ô├▓├ë╬ô├▓├ë╬ô├▓├ë╬ô├▓├ë╬ô├▓├ë╬ô├▓├ë╬ô├▓├ë╬ô├▓├ë╬ô├▓├ë╬ô├▓├ë╬ô├▓├ë╬ô├▓├ë╬ô├▓├ë╬ô├▓├ë╬ô├▓├ë╬ô├▓├ë╬ô├▓├ë╬ô├▓├ë╬ô├▓├ë╬ô├▓├ë╬ô├▓├ë╬ô├▓├ë╬ô├▓├ë╬ô├▓├ë╬ô├▓├ë╬ô├▓├ë╬ô├▓├ë╬ô├▓├ë╬ô├▓├ë╬ô├▓├ë╬ô├▓├ë╬ô├▓├ë╬ô├▓├ë╬ô├▓├ë╬ô├▓├ë╬ô├▓├ë╬ô├▓├ë╬ô├▓├ë╬ô├▓├ë╬ô├▓├ë╬ô├▓├ë╬ô├▓├ë╬ô├▓├ë
Total Tests: 26
╬ô┬ú├á Passed: 21
╬ô┬Ñ├« Failed: 5
Γëí╞Æ├┤├¿ Overall Pass Rate: 81%

╬ô├£├íΓê⌐Γòò├à  5 test(s) failed. Review output above.

╬ô├▓├ë╬ô├▓├ë╬ô├▓├ë╬ô├▓├ë╬ô├▓├ë╬ô├▓├ë╬ô├▓├ë╬ô├▓├ë╬ô├▓├ë╬ô├▓├ë╬ô├▓├ë╬ô├▓├ë╬ô├▓├ë╬ô├▓├ë╬ô├▓├ë╬ô├▓├ë╬ô├▓├ë╬ô├▓├ë╬ô├▓├ë╬ô├▓├ë╬ô├▓├ë╬ô├▓├ë╬ô├▓├ë╬ô├▓├ë╬ô├▓├ë╬ô├▓├ë╬ô├▓├ë╬ô├▓├ë╬ô├▓├ë╬ô├▓├ë╬ô├▓├ë╬ô├▓├ë╬ô├▓├ë╬ô├▓├ë╬ô├▓├ë╬ô├▓├ë╬ô├▓├ë╬ô├▓├ë╬ô├▓├ë╬ô├▓├ë╬ô├▓├ë╬ô├▓├ë╬ô├▓├ë╬ô├▓├ë╬ô├▓├ë╬ô├▓├ë╬ô├▓├ë╬ô├▓├ë╬ô├▓├ë╬ô├▓├ë╬ô├▓├ë╬ô├▓├ë╬ô├▓├ë╬ô├▓├ë╬ô├▓├ë╬ô├▓├ë╬ô├▓├ë╬ô├▓├ë╬ô├▓├ë╬ô├▓├ë╬ô├▓├ë╬ô├▓├ë╬ô├▓├ë╬ô├▓├ë╬ô├▓├ë╬ô├▓├ë╬ô├▓├ë╬ô├▓├ë╬ô├▓├ë╬ô├▓├ë
Completed: 2026-03-14T11:49:37.076Z
